test_input/normal_dir/test_file2.txt
test_input/test_dir1
test_input/test_dir1/test_file1.txt

--- Suchstatistiken ---
Verzeichnisse gescannt: 3
Dateien gescannt:       5
Treffer gefunden:       3
Fehler aufgetreten:     0
-------------------------
