----- Gefundene Treffer -----
  - test_input/test_dir1
  - test_input/test_dir1/test_file1.txt
  - test_input/normal_dir/test_file2.txt
----- Ende der Trefferliste -----

--- Suchstatistiken ---
Verzeichnisse gescannt: 3
Dateien gescannt:       5
Treffer gefunden:       3
Fehler aufgetreten:     0
-------------------------
